
> vibex@0.1.0 build
> next build

node.exe : ΓÜá Warning: Next.js 
inferred your workspace root, but 
it may not be correct.
At line:1 char:1
+ & "C:\Program 
Files\nodejs/node.exe" "C:\Program 
Files\nodejs/node_mo ...
+ ~~~~~~~~~~~~~~~~~~~~~~~~~~~~~~~~~
~~~~~~~~~~~~~~~~~~~~~~~~~~~~~~~~~~~
~
    + CategoryInfo          : NotS 
   pecified: (ΓÜá Warning: Ne...n  
  ot be correct.:String) [], Rem   
 oteException
    + FullyQualifiedErrorId : Nati 
   veCommandError
 
 We detected multiple lockfiles 
and selected the directory of C:\Us
ers\Pranathi\package-lock.json as 
the root directory.
 To silence this warning, set 
`turbopack.root` in your Next.js 
config, or consider removing one 
of the lockfiles if it's not 
needed.
   See https://nextjs.org/docs/app/
api-reference/config/next-config-js
/turbopack#root-directory for more 
information.
 Detected additional lockfiles: 
   * C:\Users\Pranathi\Downloads\Pi
t-stop-F1-Prediction-and-Gran-Prix-
calendar--master\Pit-stop-F1-Predic
tion-and-Gran-Prix-calendar--master
\package-lock.json

Γû▓ Next.js 16.1.6 (Turbopack)
- Environments: .env

  Creating an optimized production build ...
Found 1 warning while optimizing 
generated CSS:

[2mΓöé   }[22m
[2mΓöé }[22m
[2mΓöé[22m @import url('https://f
onts.googleapis.com/css2?family=Orb
itron:wght@400;500;600;700;800;900&
family=Inter:wght@300;400;500;600;7
00&family=JetBrains+Mono:wght@400;5
00;600&display=swap');
[2mΓöå[22m        
[33m[2m^--[22m @import rules 
must precede all rules aside from 
@charset and @layer statements[39m
[2mΓöå[22m
[2mΓöé :root {[22m
[2mΓöé   --f1-red: #E10600;[22m

Γ£ô Compiled successfully in 6.7s
  Running TypeScript ...
  Collecting page data using 15 workers ...
  Generating static pages using 15 workers (0/13) ...
  Generating static pages using 15 workers (3/13) 
  Generating static pages using 15 workers (6/13) 
  Generating static pages using 15 workers (9/13) 
Γ£ô Generating static pages using 15 workers (13/13) in 1339.8ms
  Finalizing page optimization ...

Route (app)
Γöî Γùï /
Γö£ Γùï /_not-found
Γö£ ╞Æ /api/live
Γö£ ╞Æ /api/ml/predict
Γö£ ╞Æ /api/news
Γö£ ╞Æ /api/sync
Γö£ Γùï /calendar
Γö£ ╞Æ /circuit/[id]
Γö£ Γùï /history
Γö£ Γùï /predictions
Γö£ Γùï /records
Γöö Γùï /standings


Γùï  (Static)   prerendered as static content
╞Æ  (Dynamic)  server-rendered on demand

